[2026-01-29 11:30:46]:INFO: Submitted a version change.
[2026-01-29 11:32:44]:INFO: Minecraft started, first test launch successful.
[2026-01-29 11:35:02]:INFO: Test finished, exiting Minecraft.
[2026-01-29 11:37:20]:INFO: Testing the second launch of the Minecraft 26.1 snapshot.